// Jest Snapshot v1, https://goo.gl/fbAQLP

exports[`AppNavbar renders correctly 1`] = `ShallowWrapper {}`;
