// Jest Snapshot v1, https://goo.gl/fbAQLP

exports[`ShoppingList renders correctly 1`] = `ShallowWrapper {}`;
